core_cm0plus.h:741:22:__NVIC_EnableIRQ	16	static
core_cm0plus.h:848:22:__NVIC_SetPriority	24	static
bsp_lib.c:28:6:BSP_System_Init	8	static
bsp_lib.c:155:6:display_start	8	static
bsp_lib.c:179:6:enable_adc	8	static
bsp_lib.c:180:6:disable_adc	8	static
bsp_lib.c:182:6:display_status	16	static
bsp_lib.c:197:6:display_record	24	static
bsp_lib.c:212:6:display_playback	24	static
bsp_lib.c:227:6:display_idle	16	static
bsp_lib.c:237:6:display_full	16	static
bsp_lib.c:247:6:button_handler	8	static
bsp_lib.c:279:6:EXTI4_15_IRQHandler	16	static
bsp_lib.c:330:9:read_I2C	24	static
bsp_lib.c:355:6:write_I2C	24	static
bsp_lib.c:379:6:track_handler	24	static
bsp_lib.c:429:6:state_handler	24	static
bsp_lib.c:468:6:record_track	16	static
bsp_lib.c:479:6:track_play	16	static
bsp_lib.c:494:6:display_numb	16	static
bsp_lib.c:502:6:adc_getter	8	static
bsp_lib.c:510:6:clear	8	static
bsp_lib.c:516:6:delay	16	static
